// Jest Snapshot v1, https://goo.gl/fbAQLP

exports[`pages/Home should render content 1`] = `ShallowWrapper {}`;
