// Jest Snapshot v1, https://goo.gl/fbAQLP

exports[`components/WhoIsEdit should show content 1`] = `ShallowWrapper {}`;
