// Jest Snapshot v1, https://goo.gl/fbAQLP

exports[`components/modules/MessageModule should render 1`] = `ShallowWrapper {}`;
