// Jest Snapshot v1, https://goo.gl/fbAQLP

exports[`pages/ErrorPage should render 1`] = `ShallowWrapper {}`;
